[Map]
author=Brigham Judd
image=Earth.bmp
wrap=yes
scroll=horizontal
warn=yes

[Continents]
North_America=5
South_America=2
Africa=3
Europe=5
Asia=7
Australia=2

[Territories]
Alaska,47,76,North_America,Northwest_Territory,Alberta,Kamchatka
Northwest_Territory,155,70,North_America,Alaska,Greenland,Alberta,Ontario
Greenland,334,38,North_America,Northwest_Territory,Ontario,Eastern_Canada,Iceland
Alberta,143,123,North_America,Alaska,Northwest_Territory,Ontario,Western_United_States,
Ontario,209,128,North_America,Northwest_Territory,Greenland,Alberta,Eastern_Canada,Western_United_States,Eastern_United_States
Eastern_Canada,280,134,North_America,Greenland,Ontario,Eastern_United_States
Western_United_States,149,185,North_America,Alberta, Ontario,Eastern_United_States,Central_America
Eastern_United_States,225,203,North_America,Ontario,Eastern_Canada,Western_United_States,Central_America
Central_America,160,258,North_America,Western_United_States,Eastern_United_States,Venezuela

Venezuela,235,305,South_America,Central_America,Peru,Brazil
Peru,235,370,South_America,Venezuela,Brazil,Argentina
Brazil,307,345,South_America,Venezuela,Peru,Argentina,North_Africa
Argentina,252,445,South_America,Peru,Brazil

Iceland,417,95,Europe,Greenland,Scandinavia,Great_Britain
Scandinavia,490,105,Europe,Iceland,Russia,Great_Britain,Northern_Europe
Russia,585,132,Europe,Scandinavia,Northern_Europe,Southern_Europe,Ural,Afghanistan,Middle_East
Great_Britain,410,170,Europe,Iceland,Scandinavia,Northern_Europe,Western_Europe
Northern_Europe,502,174,Europe,Scandinavia,Russia,Great_Britain,Western_Europe,Southern_Europe
Western_Europe,422,247,Europe,Great_Britain,Northern_Europe,Southern_Europe,North_Africa
Southern_Europe,513,231,Europe,Russia,Northern_Europe,Western_Europe,Middle_East

North_Africa,475,335,Africa,Brazil,Western_Europe,Southern_Europe,Egypt,Central_Africa,East_Africa
Egypt,538,305,Africa,Southern_Europe,North_Africa,Middle_East,East_Africa
Central_Africa,540,404,Africa,North_Africa,East_Africa,South_Africa
East_Africa,600,375,Africa,North_Africa,Egypt,Central_Africa,South_Africa,Madagascar,Middle_East
South_Africa,545,472,Africa,Central_Africa,East_Africa,Madagascar
Madagascar,630,475,Africa,East_Africa,South_Africa

Ural,702,130,Asia,Russia,Siberia,Afghanistan,China
Siberia,761,94,Asia,Ural,Yakutsk,Irkutsk,Mongolia,China 
Yakutsk,827,51,Asia,Siberia,Irkutsk,Japan
Irkutsk,812,123,Asia,Siberia,Yakutsk,Mongolia,Japan
Mongolia,824,182,Asia,Siberia,Irkutsk,Kamchatka,Japan,China
Kamchatka,910,50,Asia,Yakutsk,Irkutsk,Mongolia,Japan,Alaska
Japan,925,177,Asia,Mongolia,Kamchatka
Afghanistan,676,200,Asia,Russia,Ural,China,Middle_East,India
China,801,239,Asia,Ural,Siberia,Mongolia,Afghanistan,India,Southeast_Asia
Middle_East,616,292,Asia,Russia,Southern_Europe,Egypt,East_Africa,Afghanistan,India,Southeast_Asia
India,731,288,Asia,Afghanistan,China,Middle_East,Southeast_Asia
Southeast_Asia,814,310,Asia,China,India,Indonesia

Indonesia,831,392,Australia,Southeast_Asia,New_Guinea,Western_Australia
New_Guinea,907,367,Australia,Indonesia,Western_Australia,Eastern_Australia
Western_Australia,857,461,Australia,Indonesia,New_Guinea,Eastern_Australia
Eastern_Australia,950,464,Australia,New_Guinea,Western_Australia
;;

Ural,702,130,Asia,Russia,Siberia,Afghanistan,China
Eastern_United_States,225,203,North_America,Ontario,Eastern_Canada,Western_United_States,Central_America
,Russia,Ural,China,Middle_East,India
Alberta,143,123,North_America,Alaska,Northwest_Territory,Ontario,Western_United_States
Central_Africa,540,404,Africa,North_Africa,East_Africa,South_Africa
Egypt,538,305,Africa,North_Africa,East_Africa,Middle_East
Central_America,160,258,North_America,Western_United_States,Eastern_United_States,Venezuela
Eastern_Australia,950,464,Australia,New_Guinea,Western_Australia
Madagascar,630,475,Asia,East_Africa,South_Africa
Northern_Europe,502,174,Europe,Scandinavia,Russia,Great_Britain,Western_Europe,Southern_Europe
Scandinavia,490,105,Europe,Iceland,Russia,Great_Britain,Northern_Europe
Great_Britain,410,170,Europe,Iceland,Scandinavia,Northern_Europe,Western_Europe
Iceland,417,95,Europe,Greenland,Scandinavia,Great_Britain
Russia,585,132,Africa,Scandinavia,Northern_Europe,Southern_Europe,Ural,Afghanistan,Middle_East
East_Africa,600,375,Africa,North_Africa,Egypt,Central_Africa,South_Africa,Madagascar,Middle_East
South_Africa,545,472,Africa,Central_Africa,East_Africa,Madagascar
Yakutsk,827,51,Asia,Siberia,Irkutsk,Kamchatka
Mongolia,824,182,Asia,Siberia,Irkutsk,Kamchatka,Japan,China
Northwest_Territory,155,70,North_America,Alaska,Greenland,Alberta,Ontario
Western_Australia,857,461,Australia,Indonesia,New_Guinea,Eastern_Australia
China,801,239,Asia,Ural,Mongolia,Afghanistan,India,Southeast_Asia
Middle_East,616,292,Asia,Russia,Southern_Europe,Egypt,East_Africa,Afghanistan,India
Siberia,761,94,Asia,Ural,Yakutsk,Irkutsk,Mongolia,China
Brazil,307,345,South_America,Venezuela,Peru,Argentina,North_Africa
Kamchatka,910,50,Asia,Alaska,Mongolia,Japan
Alaska,47,76,North_America,Northwest_Territory,Alberta,Kamchatka
Western_United_States,149,185,North_America,Alberta,Ontario,Eastern_United_States,Central_America
North_Africa,475,335,Africa,Brazil,Western_Europe,Egypt,Central_Africa,East_Africa
Argentina,252,445,South_America,Peru,Brazil
Japan,824,182,Asia,Yakutsk,Irkutsk,Mongolia,Kamchatka
Western_Europe,422,247,Europe,Great_Britain,Northern_Europe,Southern_Europe,North_Africa
New_Guinea,907,367,Asia,Indonesia,Western_Australia,Eastern_Australia
Southern_Europe,513,231,Europe,Russia,Northern_Europe,Western_Europe,North_Africa,Egypt,Middle_East
India,731,288,Asia,Afghanistan,China,Middle_East,Southeast_Asia
Venezuela,235,305,South_America,Central_America,Peru,Brazil
Irkutsk,812,123,Asia,Siberia,Yakutsk,Mongolia,Kamchatka
Southeast_Asia,814,310,Asia,China,Middle_East,India,Indonesia
,Siberia
Eastern_Canada,280,134,North_America,Greenland,Ontario,Eastern_United_States
,Western_United_States
Ontario,209,128,North_America,Northwest_Territory,Greenland,Alberta,Eastern_Canada,Eastern_United_States
Peru,235,370,South_America,Venezuela,Brazil,Argentina
Greenland,334,38,North_America,Northwest_Territory,Ontario,Eastern_Canada,Iceland
Indonesia,831,392,Asia,Southeast_Asia,New_Guinea,Western_Australia
;;

Ural,702,130,Asia,Russia,Siberia,Afghanistan,China,Russia,China,Siberia
Eastern_United_States,225,203,North_America,Ontario,Eastern_Canada,Western_United_States,Central_America,Central_America,Western_United_States,Eastern_Canada,Ontario
,Russia,Ural,China,Middle_East,India,Ural,Russia,China,Middle_East,India
Alberta,143,123,North_America,Alaska,Northwest_Territory,Ontario,Western_United_States,Northwest_Territory,Alaska,Western_United_States,Ontario
Central_Africa,540,404,Africa,North_Africa,East_Africa,South_Africa,East_Africa,South_Africa,North_Africa
Egypt,538,305,Africa,North_Africa,East_Africa,Middle_East,East_Africa,Middle_East,North_Africa,Southern_Europe
Central_America,160,258,North_America,Western_United_States,Eastern_United_States,Venezuela,Eastern_United_States,Western_United_States,Venezuela
Eastern_Australia,950,464,Australia,New_Guinea,Western_Australia,Western_Australia,New_Guinea
Madagascar,630,475,Asia,East_Africa,South_Africa,East_Africa,South_Africa
Northern_Europe,502,174,Europe,Scandinavia,Russia,Great_Britain,Western_Europe,Southern_Europe,Scandinavia,Great_Britain,Russia,Western_Europe,Southern_Europe
Scandinavia,490,105,Europe,Iceland,Russia,Great_Britain,Northern_Europe,Northern_Europe,Great_Britain,Iceland,Russia
Great_Britain,410,170,Europe,Iceland,Scandinavia,Northern_Europe,Western_Europe,Northern_Europe,Scandinavia,Iceland,Western_Europe
Iceland,417,95,Europe,Greenland,Scandinavia,Great_Britain,Scandinavia,Great_Britain,Greenland
Russia,585,132,Africa,Scandinavia,Northern_Europe,Southern_Europe,Ural,Afghanistan,Middle_East,Ural,Northern_Europe,Scandinavia,Middle_East,Southern_Europe
East_Africa,600,375,Africa,North_Africa,Egypt,Central_Africa,South_Africa,Madagascar,Middle_East,Central_Africa,Egypt,Madagascar,South_Africa,Middle_East,North_Africa
South_Africa,545,472,Africa,Central_Africa,East_Africa,Madagascar,Central_Africa,Madagascar,East_Africa
Yakutsk,827,51,Asia,Siberia,Irkutsk,Kamchatka,Siberia,Japan,Irkutsk
Mongolia,824,182,Asia,Siberia,Irkutsk,Kamchatka,Japan,China,China,Siberia,Kamchatka,Japan,Irkutsk
Northwest_Territory,155,70,North_America,Alaska,Greenland,Alberta,Ontario,Alberta,Alaska,Ontario,Greenland
Western_Australia,857,461,Australia,Indonesia,New_Guinea,Eastern_Australia,Eastern_Australia,New_Guinea,Indonesia
China,801,239,Asia,Ural,Mongolia,Afghanistan,India,Southeast_Asia,Ural,Mongolia,Siberia,India,Southeast_Asia
Middle_East,616,292,Asia,Russia,Southern_Europe,Egypt,East_Africa,Afghanistan,India,,Egypt,Russia,East_Africa,Southern_Europe,India,Southeast_Asia
Siberia,761,94,Asia,Ural,Yakutsk,Irkutsk,Mongolia,China,Ural,Yakutsk,Mongolia,Irkutsk
Brazil,307,345,South_America,Venezuela,Peru,Argentina,North_Africa,North_Africa,Argentina,Venezuela,Peru
Kamchatka,910,50,Asia,Alaska,Mongolia,Japan,Yakutsk,Mongolia,Alaska,Japan,Irkutsk
Alaska,47,76,North_America,Northwest_Territory,Alberta,Kamchatka,Alberta,Northwest_Territory,Kamchatka
Western_United_States,149,185,North_America,Alberta,Ontario,Eastern_United_States,Central_America,Eastern_United_States,Alberta,Central_America
North_Africa,475,335,Africa,Brazil,Western_Europe,Egypt,Central_Africa,East_Africa,Central_Africa,Egypt,East_Africa,Brazil,Western_Europe,Southern_Europe
Argentina,252,445,South_America,Peru,Brazil,Brazil,Peru
Japan,824,182,Asia,Yakutsk,Irkutsk,Mongolia,Kamchatka,Mongolia,Kamchatka
Western_Europe,422,247,Europe,Great_Britain,Northern_Europe,Southern_Europe,North_Africa,Northern_Europe,Great_Britain,North_Africa,Southern_Europe
New_Guinea,907,367,Asia,Indonesia,Western_Australia,Eastern_Australia,Eastern_Australia,Western_Australia,Indonesia
Southern_Europe,513,231,Europe,Russia,Northern_Europe,Western_Europe,North_Africa,Egypt,Middle_East,Northern_Europe,Russia,Middle_East,Western_Europe
India,731,288,Asia,Afghanistan,China,Middle_East,Southeast_Asia,,China,Middle_East,Southeast_Asia
Venezuela,235,305,South_America,Central_America,Peru,Brazil,Central_America,Brazil,Peru
Irkutsk,812,123,Asia,Siberia,Yakutsk,Mongolia,Kamchatka,Yakutsk,Mongolia,Siberia,Japan
Southeast_Asia,814,310,Asia,China,Middle_East,India,Indonesia,China,India,Indonesia
,Siberia
Eastern_Canada,280,134,North_America,Greenland,Ontario,Eastern_United_States,Eastern_United_States,Ontario,Greenland
,Western_United_States
Ontario,209,128,North_America,Northwest_Territory,Greenland,Alberta,Eastern_Canada,Eastern_United_States,Eastern_United_States,Alberta,Northwest_Territory,Western_United_States,Eastern_Canada,Greenland
Peru,235,370,South_America,Venezuela,Brazil,Argentina,Brazil,Argentina,Venezuela
Greenland,334,38,North_America,Northwest_Territory,Ontario,Eastern_Canada,Iceland,Iceland,Northwest_Territory,Eastern_Canada,Ontario
Indonesia,831,392,Asia,Southeast_Asia,New_Guinea,Western_Australia,Western_Australia,New_Guinea,Southeast_Asia
;;